../Core/Src/main.c:59:6:led1test	8	static
../Core/Src/main.c:62:6:led2test	8	static
../Core/Src/main.c:65:6:led3test	8	static
../Core/Src/main.c:68:6:led4test	8	static
../Core/Src/main.c:71:6:led5test	8	static
../Core/Src/main.c:80:5:main	8	static
../Core/Src/main.c:131:6:SystemClock_Config	72	static
../Core/Src/main.c:168:13:MX_TIM2_Init	32	static
../Core/Src/main.c:213:13:MX_GPIO_Init	32	static
../Core/Src/main.c:236:6:HAL_TIM_PeriodElapsedCallback	16	static
../Core/Src/main.c:245:6:Error_Handler	4	static,ignoring_inline_asm
